// Jest Snapshot v1, https://goo.gl/fbAQLP

exports[`<Loading /> should match snapshot 1`] = `
<View
  style={
    Object {
      "alignItems": "center",
      "flex": 1,
      "justifyContent": "center",
    }
  }
>
  <Text
    style={
      Object {
        "fontSize": 26,
      }
    }
  >
    Loading
  </Text>
</View>
`;
