// Jest Snapshot v1, https://goo.gl/fbAQLP

exports[`<Screen /> should match snapshot 1`] = `
<View
  style={
    Array [
      Object {
        "flex": 1,
      },
      Object {},
    ]
  }
>
  <Text
    testID="Children"
  >
    Hello world
  </Text>
</View>
`;
